[Licensing::Module] Trying to connect to existing licensing client channel...
Built from '6000.3/staging' branch; Version is '6000.3.21f1 (c02631ffc030) revision 12592689'; Using compiler version '194234433'; Build Type 'Release'
OS: 'Windows 10  (10.0.19045) 64bit Core' Language: 'zh' Physical Memory: 32567 MB
BatchMode: 1, IsHumanControllingUs: 0, StartBugReporterOnCrash: 0, Is64bit: 1
System  architecture: x64
Process architecture: x64
Date: 2026-08-08T09:10:40Z
[Licensing::IpcConnector] Successfully connected to: "LicenseClient-123" at "2026-08-08T09:10:40.8942227Z"

COMMAND LINE ARGUMENTS:
C:\Program Files\Unity\Hub\Editor\6000.3.21f1\Editor\Unity.exe
-batchmode
-nographics
-projectPath
E:\Project\GameDevelopmentKit\Unity
-runTests
-testPlatform
EditMode
-testFilter
Game.Hot.Buqi.Tests.BuqiPveDifficultySelectionTests;Game.Hot.Buqi.Tests.BuqiRunBattleIntegrationTests
-testResults
E:\Project\GameDevelopmentKit\qa\task-c-double-select-green.xml
-logFile
E:\Project\GameDevelopmentKit\qa\task-c-double-select-green.log
Successfully changed project path to: E:\Project\GameDevelopmentKit\Unity
E:/Project/GameDevelopmentKit/Unity
[UnityMemory] Configuration Parameters - Can be set up in boot.config
    "memorysetup-temp-allocator-size-nav-mesh-worker=65536"
    "memorysetup-temp-allocator-size-audio-worker=65536"
    "memorysetup-temp-allocator-size-gfx=262144"
    "memorysetup-allocator-temp-initial-block-size-main=262144"
    "memorysetup-allocator-temp-initial-block-size-worker=262144"
    "memorysetup-temp-allocator-size-background-worker=32768"
    "memorysetup-temp-allocator-size-job-worker=262144"
    "memorysetup-temp-allocator-size-preload-manager=33554432"
    "memorysetup-temp-allocator-size-gi-baking-worker=262144"
    "memorysetup-temp-allocator-size-gi-baking-worker=262144"
    "memorysetup-temp-allocator-size-gi-baking-worker=262144"
    "memorysetup-temp-allocator-size-gi-baking-worker=262144"
    "memorysetup-temp-allocator-size-gi-baking-worker=262144"
    "memorysetup-bucket-allocator-granularity=16"
    "memorysetup-bucket-allocator-bucket-count=8"
    "memorysetup-bucket-allocator-block-size=33554432"
    "memorysetup-bucket-allocator-block-count=8"
    "memorysetup-main-allocator-block-size=16777216"
    "memorysetup-thread-allocator-block-size=16777216"
    "memorysetup-gfx-main-allocator-block-size=16777216"
    "memorysetup-gfx-thread-allocator-block-size=16777216"
    "memorysetup-cache-allocator-block-size=4194304"
    "memorysetup-typetree-allocator-block-size=2097152"
    "memorysetup-profiler-bucket-allocator-granularity=16"
    "memorysetup-profiler-bucket-allocator-bucket-count=8"
    "memorysetup-profiler-bucket-allocator-block-size=33554432"
    "memorysetup-profiler-bucket-allocator-block-count=8"
    "memorysetup-profiler-allocator-block-size=16777216"
    "memorysetup-profiler-editor-allocator-block-size=1048576"
    "memorysetup-temp-allocator-size-main=16777216"
    "memorysetup-job-temp-allocator-block-size=2097152"
    "memorysetup-job-temp-allocator-block-size-background=1048576"
    "memorysetup-job-temp-allocator-reduction-small-platforms=262144"
    "memorysetup-temp-allocator-size-cloud-worker=32768"
Player connection [46108]  Target information:

Player connection [46108]  * "[IP] 192.168.31.249 [Port] 55506 [Flags] 2 [Guid] 2737097917 [EditorId] 2737097917 [Version] 1048832 [Id] WindowsEditor(7,DESKTOP-FON1P8I) [Debug] 1 [PackageName] WindowsEditor [ProjectName] Editor" 

Player connection [46108]  * "[IP] 100.64.60.25 [Port] 55506 [Flags] 2 [Guid] 2737097917 [EditorId] 2737097917 [Version] 1048832 [Id] WindowsEditor(7,DESKTOP-FON1P8I) [Debug] 1 [PackageName] WindowsEditor [ProjectName] Editor" 

Player connection [46108] Host joined multi-casting on [225.0.0.222:54997]...
Player connection [46108] Host joined alternative multi-casting on [225.0.0.222:34997]...
Input System module state changed to: Initialized.
[Physics::Module] Initialized fallback backend.
[Physics::Module] Id: 0xdecafbad
[Package Manager] Connected to IPC stream "Upm-50604" after 0.5 seconds.
[Licensing::Module] Licensing is not yet initialized.
[Licensing::Client] Error: HandshakeResponse reported an error:
	ResponseCode: 505
	ResponseStatus: Unsupported protocol version '1.18.1'.
[Licensing::Module] Error: Failed to handshake to channel: "LicenseClient-123"
[Licensing::IpcConnector] LicenseClient-123 channel disconnected successfully.
[Licensing::IpcConnector] Successfully connected to: "LicenseClient-123-6000.3.21" at "2026-08-08T09:10:42.1931048Z"
[Licensing::Client] Code 10 while verifying Licensing Client signature (process Id: 44784, path: "C:/Program Files/Unity/Hub/Editor/6000.3.21f1/Editor/Data/Resources/Licensing/Client/Unity.Licensing.Client.exe")
[Licensing::Module] LicensingClient has failed validation; ignoring
[Licensing::Client] Handshaking with LicensingClient:
  Version:                 1.18.1+9fbee8e
  Session Id:              baa137be664540758581390f96632735
  Correlation Id:          f7ab7753ec8b2ce0858a62972764a02b
  External correlation Id: 685451994831567827
  Machine Id:              ++3iACjRJ0bhHnDZyB/uR93imYQ=
[Licensing::Module] Successfully connected to LicensingClient on channel: "LicenseClient-123-6000.3.21" (connect: 0.00s, validation: 0.00s, handshake: 0.01s)
[Licensing::IpcConnector] Successfully connected to: "LicenseClient-123-6000.3.21-notifications" at "2026-08-08T09:10:42.2019186Z"
[Licensing::Module] Error: Access token is unavailable; failed to update
[Licensing::Client] Successfully resolved entitlement details
[Licensing::Module] License group:
  Id: ewogICJzdWJzR3JvdXAiIDogInVuaXR5IGVkaXRvciIsCiAgIm5hbWVzcGFjZSIgOiAidW5pdHlfZWRpdG9yIiwKICAidHlwZSIgOiAiRURJVE9SIiwKICAidGFnIiA6ICJVbml0eVBlcnNvbmFsXXXX
  Product: Unity Personal Version
  Type: Assigned
  Expiration: Unlimited
[Licensing::Client] Successfully updated license, isAsync: True, time: 0.00
[Licensing::Module] Licensing Background thread has ended after 1.31s
[Licensing::Module] Licensing is initialized (took 0.65s).
[Licensing::Client] Successfully resolved entitlement details
Library Redirect Path: Library/
[Physics::Module] Selected backend.
[Physics::Module] Name: PhysX
[Physics::Module] Id: 0xf2b8ea05
[Physics::Module] SDK Version: 4.1.2
[Physics::Module] Integration Version: 1.0.0
[Physics::Module] Threading Mode: Multi-Threaded
Artifact Garbage Collection - Removed 1 unused hashed content files
Refreshing native plugins compatible for Editor in 2.11 ms, found 4 plugins.
Preloading 0 native plugins for Editor in 0.00 ms.
Initialize engine version: 6000.3.21f1 (c02631ffc030)
[Subsystems] Discovering subsystems at path C:/Program Files/Unity/Hub/Editor/6000.3.21f1/Editor/Data/Resources/UnitySubsystems
[Subsystems] Discovering subsystems at path E:/Project/GameDevelopmentKit/Unity/Assets
Forcing GfxDevice: Null
GfxDevice: creating device client; kGfxThreadingModeNonThreaded
NullGfxDevice:
    Version:  NULL 1.0 [1.0]
    Renderer: Null Device
    Vendor:   Unity Technologies
Initialize mono
Mono path[0] = 'C:/Program Files/Unity/Hub/Editor/6000.3.21f1/Editor/Data/Managed'
Mono path[1] = 'C:/Program Files/Unity/Hub/Editor/6000.3.21f1/Editor/Data/MonoBleedingEdge/lib/mono/unityjit-win32'
Mono config path = 'C:/Program Files/Unity/Hub/Editor/6000.3.21f1/Editor/Data/MonoBleedingEdge/etc'
Using monoOptions --debugger-agent=transport=dt_socket,embedding=1,server=y,suspend=n,address=127.0.0.1:56604
Using cacheserver namespaces - metadata:defaultmetadata, artifacts:defaultartifacts
Using cacheserver namespaces - metadata:defaultmetadata, artifacts:defaultartifacts
ImportWorker Server TCP listen port: 0
AcceleratorClientConnectionCallback - disconnected - :0
Begin MonoManager ReloadAssembly
Registering precompiled unity dll's ...
Register platform support module: C:/Program Files/Unity/Hub/Editor/6000.3.21f1/Editor/Data/PlaybackEngines/WindowsStandaloneSupport/UnityEditor.WindowsStandalone.Extensions.dll
[Licensing::Client] Successfully resolved entitlement details
Register platform support module: C:/Program Files/Unity/Hub/Editor/6000.3.21f1/Editor/Data/PlaybackEngines/AndroidPlayer/UnityEditor.Android.Extensions.dll
[Licensing::Client] Successfully resolved entitlement details
Register platform support module: C:/Program Files/Unity/Hub/Editor/6000.3.21f1/Editor/Data/PlaybackEngines/iOSSupport/UnityEditor.iOS.Extensions.dll
Registered in 0.007861 seconds.
- Loaded All Assemblies, in  0.606 seconds
Native extension for iOS target not found
Native extension for Android target not found
Native extension for WindowsStandalone target not found
Package Manager log level set to [2]
ScheduleIndexationOnStartup MainProcess:False IndexOnStartup:True
Mono: successfully reloaded assembly
- Finished resetting the current domain, in  0.509 seconds
Domain Reload Profiling: 1112ms
	BeginReloadAssembly (240ms)
		ExecutionOrderSort (0ms)
		DisableScriptedObjects (0ms)
		BackupInstance (0ms)
		ReleaseScriptingObjects (0ms)
		CreateAndSetChildDomain (17ms)
	RebuildCommonClasses (38ms)
	RebuildNativeTypeToScriptingClass (14ms)
	initialDomainReloadingComplete (95ms)
	LoadAllAssembliesAndSetupDomain (216ms)
		LoadAssemblies (219ms)
		RebuildTransferFunctionScriptingTraits (0ms)
		AnalyzeDomain (211ms)
			TypeCache.Refresh (209ms)
				TypeCache.ScanAssembly (195ms)
			BuildScriptInfoCaches (0ms)
			ResolveRequiredComponents (0ms)
	FinalizeReload (510ms)
		ReleaseScriptCaches (0ms)
		RebuildScriptCaches (0ms)
		SetupLoadedEditorAssemblies (470ms)
			LogAssemblyErrors (0ms)
			InitializePlatformSupportModulesInManaged (88ms)
			SetLoadedEditorAssemblies (4ms)
			BeforeProcessingInitializeOnLoad (110ms)
			ProcessInitializeOnLoadAttributes (166ms)
			ProcessInitializeOnLoadMethodAttributes (102ms)
			AfterProcessingInitializeOnLoad (0ms)
			EditorAssembliesLoaded (0ms)
		ExecutionOrderSort2 (0ms)
		AwakeInstancesAfterBackupRestoration (0ms)
[Licensing::Client] Successfully resolved entitlement details
Application.AssetDatabase Initial Refresh Start
[Package Manager] Restoring resolved packages state from cache
[Licensing::Client] Successfully resolved entitlement details
[Package Manager] Registered 72 packages:
  Packages from [https://packages.unity.com]:
    com.unity.ide.rider@3.0.40 (location: E:\Project\GameDevelopmentKit\Unity\Library\PackageCache\com.unity.ide.rider@e4950c6d131b)
    com.unity.inputsystem@1.20.0 (location: E:\Project\GameDevelopmentKit\Unity\Library\PackageCache\com.unity.inputsystem@7a4e1a2a8194)
    com.unity.memoryprofiler@1.1.12 (location: E:\Project\GameDevelopmentKit\Unity\Library\PackageCache\com.unity.memoryprofiler@485b5ba42ef5)
    com.unity.nuget.newtonsoft-json@3.2.2 (location: E:\Project\GameDevelopmentKit\Unity\Library\PackageCache\com.unity.nuget.newtonsoft-json@4dfd81071c64)
    com.unity.scriptablebuildpipeline@3.1.1 (location: E:\Project\GameDevelopmentKit\Unity\Library\PackageCache\com.unity.scriptablebuildpipeline@ea93f1084040)
    com.unity.searcher@4.9.5 (location: E:\Project\GameDevelopmentKit\Unity\Library\PackageCache\com.unity.searcher@a463122f2c00)
    com.unity.burst@1.8.30 (location: E:\Project\GameDevelopmentKit\Unity\Library\PackageCache\com.unity.burst@2f3d916873ea)
    com.unity.collections@2.6.8 (location: E:\Project\GameDevelopmentKit\Unity\Library\PackageCache\com.unity.collections@84e8eb3fc12e)
    com.unity.mathematics@1.3.3 (location: E:\Project\GameDevelopmentKit\Unity\Library\PackageCache\com.unity.mathematics@19a9377c4ffa)
    com.unity.profiling.core@1.0.3 (location: E:\Project\GameDevelopmentKit\Unity\Library\PackageCache\com.unity.profiling.core@8a49f7027d06)
    com.unity.editorcoroutines@1.1.0 (location: E:\Project\GameDevelopmentKit\Unity\Library\PackageCache\com.unity.editorcoroutines@87a15ed012c2)
    com.unity.nuget.mono-cecil@1.11.6 (location: E:\Project\GameDevelopmentKit\Unity\Library\PackageCache\com.unity.nuget.mono-cecil@ecb9724e46ff)
    com.unity.test-framework.performance@3.5.0 (location: E:\Project\GameDevelopmentKit\Unity\Library\PackageCache\com.unity.test-framework.performance@8b56083ec0f0)
  Built-in packages:
    com.unity.2d.sprite@1.0.0 (location: E:\Project\GameDevelopmentKit\Unity\Library\PackageCache\com.unity.2d.sprite@d8bb22511404)
    com.unity.render-pipelines.universal@17.3.0 (location: E:\Project\GameDevelopmentKit\Unity\Library\PackageCache\com.unity.render-pipelines.universal@8aa8d736cba6)
    com.unity.ugui@2.0.0 (location: E:\Project\GameDevelopmentKit\Unity\Library\PackageCache\com.unity.ugui@e20f1880fa04)
    com.unity.modules.accessibility@1.0.0 (location: E:\Project\GameDevelopmentKit\Unity\Library\PackageCache\com.unity.modules.accessibility)
    com.unity.modules.ai@1.0.0 (location: E:\Project\GameDevelopmentKit\Unity\Library\PackageCache\com.unity.modules.ai)
    com.unity.modules.androidjni@1.0.0 (location: E:\Project\GameDevelopmentKit\Unity\Library\PackageCache\com.unity.modules.androidjni)
    com.unity.modules.animation@1.0.0 (location: E:\Project\GameDevelopmentKit\Unity\Library\PackageCache\com.unity.modules.animation)
    com.unity.modules.assetbundle@1.0.0 (location: E:\Project\GameDevelopmentKit\Unity\Library\PackageCache\com.unity.modules.assetbundle)
    com.unity.modules.audio@1.0.0 (location: E:\Project\GameDevelopmentKit\Unity\Library\PackageCache\com.unity.modules.audio)
    com.unity.modules.cloth@1.0.0 (location: E:\Project\GameDevelopmentKit\Unity\Library\PackageCache\com.unity.modules.cloth)
    com.unity.modules.director@1.0.0 (location: E:\Project\GameDevelopmentKit\Unity\Library\PackageCache\com.unity.modules.director)
    com.unity.modules.imageconversion@1.0.0 (location: E:\Project\GameDevelopmentKit\Unity\Library\PackageCache\com.unity.modules.imageconversion)
    com.unity.modules.imgui@1.0.0 (location: E:\Project\GameDevelopmentKit\Unity\Library\PackageCache\com.unity.modules.imgui)
    com.unity.modules.particlesystem@1.0.0 (location: E:\Project\GameDevelopmentKit\Unity\Library\PackageCache\com.unity.modules.particlesystem)
    com.unity.modules.physics@1.0.0 (location: E:\Project\GameDevelopmentKit\Unity\Library\PackageCache\com.unity.modules.physics)
    com.unity.modules.physics2d@1.0.0 (location: E:\Project\GameDevelopmentKit\Unity\Library\PackageCache\com.unity.modules.physics2d)
    com.unity.modules.screencapture@1.0.0 (location: E:\Project\GameDevelopmentKit\Unity\Library\PackageCache\com.unity.modules.screencapture)
    com.unity.modules.terrain@1.0.0 (location: E:\Project\GameDevelopmentKit\Unity\Library\PackageCache\com.unity.modules.terrain)
    com.unity.modules.terrainphysics@1.0.0 (location: E:\Project\GameDevelopmentKit\Unity\Library\PackageCache\com.unity.modules.terrainphysics)
    com.unity.modules.tilemap@1.0.0 (location: E:\Project\GameDevelopmentKit\Unity\Library\PackageCache\com.unity.modules.tilemap)
    com.unity.modules.ui@1.0.0 (location: E:\Project\GameDevelopmentKit\Unity\Library\PackageCache\com.unity.modules.ui)
    com.unity.modules.uielements@1.0.0 (location: E:\Project\GameDevelopmentKit\Unity\Library\PackageCache\com.unity.modules.uielements)
    com.unity.modules.umbra@1.0.0 (location: E:\Project\GameDevelopmentKit\Unity\Library\PackageCache\com.unity.modules.umbra)
    com.unity.modules.unityanalytics@1.0.0 (location: E:\Project\GameDevelopmentKit\Unity\Library\PackageCache\com.unity.modules.unityanalytics)
    com.unity.modules.unitywebrequest@1.0.0 (location: E:\Project\GameDevelopmentKit\Unity\Library\PackageCache\com.unity.modules.unitywebrequest)
    com.unity.modules.unitywebrequestassetbundle@1.0.0 (location: E:\Project\GameDevelopmentKit\Unity\Library\PackageCache\com.unity.modules.unitywebrequestassetbundle)
    com.unity.modules.unitywebrequestaudio@1.0.0 (location: E:\Project\GameDevelopmentKit\Unity\Library\PackageCache\com.unity.modules.unitywebrequestaudio)
    com.unity.modules.unitywebrequesttexture@1.0.0 (location: E:\Project\GameDevelopmentKit\Unity\Library\PackageCache\com.unity.modules.unitywebrequesttexture)
    com.unity.modules.unitywebrequestwww@1.0.0 (location: E:\Project\GameDevelopmentKit\Unity\Library\PackageCache\com.unity.modules.unitywebrequestwww)
    com.unity.modules.vehicles@1.0.0 (location: E:\Project\GameDevelopmentKit\Unity\Library\PackageCache\com.unity.modules.vehicles)
    com.unity.modules.video@1.0.0 (location: E:\Project\GameDevelopmentKit\Unity\Library\PackageCache\com.unity.modules.video)
    com.unity.modules.wind@1.0.0 (location: E:\Project\GameDevelopmentKit\Unity\Library\PackageCache\com.unity.modules.wind)
    com.unity.modules.jsonserialize@1.0.0 (location: E:\Project\GameDevelopmentKit\Unity\Library\PackageCache\com.unity.modules.jsonserialize)
    com.unity.modules.hierarchycore@1.0.0 (location: E:\Project\GameDevelopmentKit\Unity\Library\PackageCache\com.unity.modules.hierarchycore)
    com.unity.test-framework@1.6.0 (location: E:\Project\GameDevelopmentKit\Unity\Library\PackageCache\com.unity.test-framework@bd7f943e9647)
    com.unity.render-pipelines.core@17.3.0 (location: E:\Project\GameDevelopmentKit\Unity\Library\PackageCache\com.unity.render-pipelines.core@c67c01575725)
    com.unity.shadergraph@17.3.0 (location: E:\Project\GameDevelopmentKit\Unity\Library\PackageCache\com.unity.shadergraph@aa8306cf39d6)
    com.unity.render-pipelines.universal-config@17.0.3 (location: E:\Project\GameDevelopmentKit\Unity\Library\PackageCache\com.unity.render-pipelines.universal-config@8dc1aab4af1d)
    com.unity.ext.nunit@2.0.5 (location: E:\Project\GameDevelopmentKit\Unity\Library\PackageCache\com.unity.ext.nunit@d8c07649098d)
  Git packages:
    com.annulusgames.lit-motion@https://github.com/AnnulusGames/LitMotion.git?path=src/LitMotion/Assets/LitMotion (location: E:\Project\GameDevelopmentKit\Unity\Library\PackageCache\com.annulusgames.lit-motion@12af37b103ef)
    com.annulusgames.lit-motion.animation@https://github.com/AnnulusGames/LitMotion.git?path=src/LitMotion/Assets/LitMotion.Animation (location: E:\Project\GameDevelopmentKit\Unity\Library\PackageCache\com.annulusgames.lit-motion.animation@10949b0322bb)
    com.code-philosophy.hybridclr@https://github.com/focus-creative-games/hybridclr_unity.git (location: E:\Project\GameDevelopmentKit\Unity\Library\PackageCache\com.code-philosophy.hybridclr@e4def761d69b)
    com.coffee.softmask-for-ugui@https://github.com/mob-sakai/SoftMaskForUGUI.git?path=Packages/src (location: E:\Project\GameDevelopmentKit\Unity\Library\PackageCache\com.coffee.softmask-for-ugui@4370a105814e)
    com.coffee.ui-effect@https://github.com/mob-sakai/UIEffect.git?path=Packages/src (location: E:\Project\GameDevelopmentKit\Unity\Library\PackageCache\com.coffee.ui-effect@9383539477c9)
    com.coffee.ui-particle@https://github.com/mob-sakai/ParticleEffectForUGUI.git (location: E:\Project\GameDevelopmentKit\Unity\Library\PackageCache\com.coffee.ui-particle@5a305705f845)
    com.coffee.unmask@https://github.com/mob-sakai/UnmaskForUGUI.git (location: E:\Project\GameDevelopmentKit\Unity\Library\PackageCache\com.coffee.unmask@33356da2c43f)
    com.cysharp.memorypack@https://github.com/XuToWei/MemoryPack-Extension.git?path=src/MemoryPack.Unity/Assets/Plugins/MemoryPack (location: E:\Project\GameDevelopmentKit\Unity\Library\PackageCache\com.cysharp.memorypack@50936a09b5f3)
    com.cysharp.unitask@https://github.com/Cysharp/UniTask.git?path=src/UniTask/Assets/Plugins/UniTask#2.5.10 (location: E:\Project\GameDevelopmentKit\Unity\Library\PackageCache\com.cysharp.unitask@cda068700cce)
    com.cysharp.zstring@https://github.com/Cysharp/ZString.git?path=src/ZString.Unity/Assets/Scripts/ZString (location: E:\Project\GameDevelopmentKit\Unity\Library\PackageCache\com.cysharp.zstring@644053436391)
    com.psygames.unitywebsocket@https://github.com/psygames/UnityWebSocket.git#upm (location: E:\Project\GameDevelopmentKit\Unity\Library\PackageCache\com.psygames.unitywebsocket@369f2a56f68e)
    com.yasirkula.inspectplus@https://github.com/yasirkula/UnityInspectPlus.git (location: E:\Project\GameDevelopmentKit\Unity\Library\PackageCache\com.yasirkula.inspectplus@04f6baf3f57a)
    com.yasirkula.runtimeinspector@https://github.com/yasirkula/UnityRuntimeInspector.git (location: E:\Project\GameDevelopmentKit\Unity\Library\PackageCache\com.yasirkula.runtimeinspector@ec8421f71766)
    me.qiankanglai.loopscrollrect@https://github.com/qiankanglai/LoopScrollRect.git (location: E:\Project\GameDevelopmentKit\Unity\Library\PackageCache\me.qiankanglai.loopscrollrect@cb18906158c4)
    me.xw.codebind@https://github.com/XuToWei/CodeBind.git (location: E:\Project\GameDevelopmentKit\Unity\Library\PackageCache\me.xw.codebind@de6877110432)
    me.xw.protobufunity@https://github.com/XuToWei/Protobuf-Unity.git (location: E:\Project\GameDevelopmentKit\Unity\Library\PackageCache\me.xw.protobufunity@37802570b75b)
    me.xw.reactivebinding@https://github.com/XuToWei/ReactiveBinding.git?path=Unity (location: E:\Project\GameDevelopmentKit\Unity\Library\PackageCache\me.xw.reactivebinding@8b17dab6eb55)
    me.xw.statecontroller@https://github.com/XuToWei/StateController.git (location: E:\Project\GameDevelopmentKit\Unity\Library\PackageCache\me.xw.statecontroller@87c612de2f08)
    me.xw.toolbarextension@https://github.com/XuToWei/ToolbarExtension.git (location: E:\Project\GameDevelopmentKit\Unity\Library\PackageCache\me.xw.toolbarextension@ecb4645d33e6)
    me.xw.unityagentbridge@https://github.com/XuToWei/UnityAgentBridge.git?path=Unity (location: E:\Project\GameDevelopmentKit\Unity\Library\PackageCache\me.xw.unityagentbridge@70c8cd9d9e8d)
[Subsystems] No new subsystems found in resolved package list.
[Package Manager] Done registering packages in 0.02 seconds
The GUID inside 'Assets/Scripts/Game/Hot/Code/Tables/TablesComponent.BuqiConfig.cs.meta' cannot be extracted by the YAML Parser. Attempting to extract it via string matching instead. Please verify the file does not contain unexpected data.
The .meta file Assets/Scripts/Game/Hot/Code/Tables/TablesComponent.BuqiConfig.cs.meta does not have a valid GUID and its corresponding Asset file will be ignored. If this file is not malformed, please add a GUID, or delete the .meta file and it will be recreated correctly
[ScriptCompilation] Requested script compilation because: Assetdatabase observed changes in script compilation related files
Starting: C:\Program Files\Unity\Hub\Editor\6000.3.21f1\Editor\Data\Tools\BuildPipeline\bee_backend.exe --ipc --defer-dag-verification --dagfile="Library/Bee/1900b0aE.dag" --continue-on-failure --profile="Library/Bee/backend1.traceevents" ScriptAssemblies
WorkingDir: E:/Project/GameDevelopmentKit/Unity
DisplayProgressbar: Compiling Scripts
ExitCode: 0 Duration: 1s376ms
[1025/1367  0s] ILPP-Configuration Library/ilpp-configuration.nevergeneratedoutput
[1347/1367  0s] Csc Library/Bee/artifacts/1900b0aE.dag/Game.Hot.Code.dll (+2 others)
Assets\Scripts\Game\Hot\Code\UI\TutorialForm.cs(16,24): warning CS0414: The field 'TutorialForm.m_SkipButton' is assigned but its value is never used
[1352/1367  0s] ILPostProcess Library/Bee/artifacts/1900b0aE.dag/post-processed/Game.Hot.Code.dll (+pdb)
Processing assembly Library/Bee/artifacts/1900b0aE.dag/Game.Hot.Code.dll, with 153 defines and 311 references

processors: Unity.Jobs.CodeGen.JobsILPostProcessor, zzzUnity.Burst.CodeGen.BurstILPostProcessor

running Unity.Jobs.CodeGen.JobsILPostProcessor

running zzzUnity.Burst.CodeGen.BurstILPostProcessor
[1353/1367  0s] ILPostProcess Library/Bee/artifacts/1900b0aE.dag/post-processed/Game.Hot.Code.Editor.dll (+pdb)
Processing assembly Library/Bee/artifacts/1900b0aE.dag/Game.Hot.Code.Editor.dll, with 154 defines and 312 references

processors: Unity.Jobs.CodeGen.JobsILPostProcessor, zzzUnity.Burst.CodeGen.BurstILPostProcessor

running Unity.Jobs.CodeGen.JobsILPostProcessor

running zzzUnity.Burst.CodeGen.BurstILPostProcessor
[1354/1367  0s] ILPostProcess Library/Bee/artifacts/1900b0aE.dag/post-processed/Game.Hot.Buqi.Tests.dll (+pdb)
Processing assembly Library/Bee/artifacts/1900b0aE.dag/Game.Hot.Buqi.Tests.dll, with 154 defines and 278 references

processors: Unity.Jobs.CodeGen.JobsILPostProcessor, zzzUnity.Burst.CodeGen.BurstILPostProcessor

running Unity.Jobs.CodeGen.JobsILPostProcessor

running zzzUnity.Burst.CodeGen.BurstILPostProcessor
[1359/1367  0s] CopyFiles Library/ScriptAssemblies/Game.Hot.Code.pdb
[1360/1367  0s] CopyFiles Library/ScriptAssemblies/Game.Hot.Code.dll
[1361/1367  0s] ILPostProcess Library/Bee/artifacts/1900b0aE.dag/post-processed/Assembly-CSharp-firstpass.dll (+pdb)
Processing assembly Library/Bee/artifacts/1900b0aE.dag/Assembly-CSharp-firstpass.dll, with 153 defines and 389 references

processors: Unity.Jobs.CodeGen.JobsILPostProcessor, zzzUnity.Burst.CodeGen.BurstILPostProcessor

running Unity.Jobs.CodeGen.JobsILPostProcessor

running zzzUnity.Burst.CodeGen.BurstILPostProcessor
[1362/1367  0s] ILPostProcess Library/Bee/artifacts/1900b0aE.dag/post-processed/Assembly-CSharp-Editor.dll (+pdb)
Processing assembly Library/Bee/artifacts/1900b0aE.dag/Assembly-CSharp-Editor.dll, with 154 defines and 405 references

processors: Unity.Jobs.CodeGen.JobsILPostProcessor, zzzUnity.Burst.CodeGen.BurstILPostProcessor

running Unity.Jobs.CodeGen.JobsILPostProcessor

running zzzUnity.Burst.CodeGen.BurstILPostProcessor
*** Tundra build success (1.33 seconds), 9 items updated, 1367 evaluated
Assets\Scripts\Game\Hot\Code\UI\TutorialForm.cs(16,24): warning CS0414: The field 'TutorialForm.m_SkipButton' is assigned but its value is never used
AssetDatabase: script compilation time: 2.033442s
Begin MonoManager ReloadAssembly
Total cache size 90494116
Total cache size after purge 90494116, took 00:00:00.0861334
- Loaded All Assemblies, in  1.101 seconds
Refreshing native plugins compatible for Editor in 2.14 ms, found 4 plugins.
Native extension for iOS target not found
Native extension for Android target not found
Native extension for WindowsStandalone target not found
[AgentBridge] started. root=E:\Project\GameDevelopmentKit\Unity\.agentbridge poll=200ms
UnityEngine.Debug:ExtractStackTraceNoAlloc (byte*,int,string)
UnityEngine.StackTraceUtility:ExtractStackTrace ()
UnityEngine.DebugLogHandler:Internal_Log (UnityEngine.LogType,UnityEngine.LogOption,string,UnityEngine.Object)
UnityEngine.DebugLogHandler:LogFormat (UnityEngine.LogType,UnityEngine.Object,string,object[])
UnityEngine.Logger:Log (UnityEngine.LogType,object)
UnityEngine.Debug:Log (object)
AgentBridge.AgentBridgeHost:Activate (AgentBridge.FileChannel) (at ./Library/PackageCache/me.xw.unityagentbridge@70c8cd9d9e8d/Editor/Host/AgentBridgeHost.cs:128)
AgentBridge.AgentBridgeHost:.cctor () (at ./Library/PackageCache/me.xw.unityagentbridge@70c8cd9d9e8d/Editor/Host/AgentBridgeHost.cs:35)
System.Runtime.CompilerServices.RuntimeHelpers:RunClassConstructor (System.RuntimeTypeHandle)
UnityEditor.EditorAssemblies:ProcessInitializeOnLoadAttributes (System.Type[])

(Filename: ./Library/PackageCache/me.xw.unityagentbridge@70c8cd9d9e8d/Editor/Host/AgentBridgeHost.cs Line: 128)

ScheduleIndexationOnStartup MainProcess:True IndexOnStartup:True
Mono: successfully reloaded assembly
- Finished resetting the current domain, in  4.466 seconds
Domain Reload Profiling: 5563ms
	BeginReloadAssembly (270ms)
		ExecutionOrderSort (0ms)
		DisableScriptedObjects (76ms)
		BackupInstance (0ms)
		ReleaseScriptingObjects (0ms)
		CreateAndSetChildDomain (47ms)
	RebuildCommonClasses (52ms)
	RebuildNativeTypeToScriptingClass (20ms)
	initialDomainReloadingComplete (63ms)
	LoadAllAssembliesAndSetupDomain (691ms)
		LoadAssemblies (402ms)
		RebuildTransferFunctionScriptingTraits (0ms)
		AnalyzeDomain (393ms)
			TypeCache.Refresh (307ms)
				TypeCache.ScanAssembly (285ms)
			BuildScriptInfoCaches (67ms)
			ResolveRequiredComponents (14ms)
	FinalizeReload (4467ms)
		ReleaseScriptCaches (0ms)
		RebuildScriptCaches (0ms)
		SetupLoadedEditorAssemblies (4168ms)
			LogAssemblyErrors (0ms)
			InitializePlatformSupportModulesInManaged (41ms)
			SetLoadedEditorAssemblies (5ms)
			BeforeProcessingInitializeOnLoad (190ms)
			ProcessInitializeOnLoadAttributes (3368ms)
			ProcessInitializeOnLoadMethodAttributes (555ms)
			AfterProcessingInitializeOnLoad (9ms)
			EditorAssembliesLoaded (0ms)
		ExecutionOrderSort2 (0ms)
		AwakeInstancesAfterBackupRestoration (27ms)
Refreshing native plugins compatible for Editor in 3.41 ms, found 4 plugins.
Preloading 0 native plugins for Editor in 0.00 ms.
Asset Pipeline Refresh (id=8cf54bfc2f4c68d479bf2fd0fdb0710d): Total: 8.815 seconds - Initiated by InitialRefreshV2(ForceSynchronousImport)
	Summary:
		Imports: total=0 (actual=0, local cache=0, cache server=0)
		Asset DB Process Time: managed=0 ms, native=5169 ms
		Asset DB Callback time: managed=420 ms, native=28 ms
		Scripting: domain reloads=1, domain reload time=1101 ms, compile time=2035 ms, other=60 ms
		Project Asset Count: scripts=2043, non-scripts=2778
		Asset File Changes: new=0, changed=1, moved=0, deleted=0
		Scan Filter Count: 0
	InvokeCustomDependenciesCallbacks: 0.002ms
	InvokePackagesCallback: 22.121ms
	ApplyChangesToAssetFolders: 0.863ms
	Scan: 292.019ms
	OnSourceAssetsModified: 0.861ms
	CategorizeAssetsWithTransientArtifact: 51.263ms
	ProcessAssetsWithTransientArtifactChanges: 96.978ms
	CategorizeAssets: 87.340ms
	ImportOutOfDateAssets: 4479.674ms (2440.960ms without children)
		CompileScripts: 2035.249ms
		ReloadNativeAssets: 0.035ms
		UnloadImportedAssets: 2.093ms
		EnsureUptoDateAssetsAreRegisteredWithGuidPM: 0.833ms
		InitializingProgressBar: 0.000ms
		PostProcessAllAssetNotificationsAddChangedAssets: 0.001ms
		OnDemandSchedulerStart: 0.502ms
	PostProcessAllAssets: 421.497ms
	Hotreload: 5.983ms
	GatherAllCurrentPrimaryArtifactRevisions: 0.002ms
	UnloadStreamsBegin: 2.893ms
	PersistCurrentRevisions: 0.169ms
	UnloadStreamsEnd: 0.002ms
	GenerateScriptTypeHashes: 7.777ms
	Untracked: 3353.397ms

Application.AssetDatabase Initial Refresh End
Scanning for USB devices : 3.011ms
Initializing Unity extensions:
Script 'Library/PackageCache/com.unity.mathematics@19a9377c4ffa/Tests/Unity.Mathematics.Tests.asmdef' will not be compiled because it exists outside the Assets folder and does not to belong to any assembly definition file.
Script 'Library/PackageCache/com.unity.collections@84e8eb3fc12e/DocCodeSamples.Tests/DocCodeSamples.Tests.asmdef' will not be compiled because it exists outside the Assets folder and does not to belong to any assembly definition file.
Script 'Library/PackageCache/com.unity.scriptablebuildpipeline@ea93f1084040/Tests/Runtime/TestAssets/Unity.ScriptableBuildPipelineTests.Runtime.Tests.asmdef' will not be compiled because it exists outside the Assets folder and does not to belong to any assembly definition file.
Script 'Library/PackageCache/com.unity.collections@84e8eb3fc12e/Unity.Collections.PerformanceTests/Unity.Collections.PerformanceTests.asmdef' will not be compiled because it exists outside the Assets folder and does not to belong to any assembly definition file.
Script 'Library/PackageCache/com.unity.collections@84e8eb3fc12e/Unity.Collections.Tests/NativeSortTests.tt' will not be compiled because it exists outside the Assets folder and does not to belong to any assembly definition file.
Script 'Library/PackageCache/com.unity.inputsystem@7a4e1a2a8194/Tests/IntegrationTests/Unity.InputSystem.IntegrationTests.asmdef' will not be compiled because it exists outside the Assets folder and does not to belong to any assembly definition file.
Script 'Library/PackageCache/com.unity.collections@84e8eb3fc12e/Unity.Collections.Tests.Playmode/FixedListPlayModeTests.tt' will not be compiled because it exists outside the Assets folder and does not to belong to any assembly definition file.
Script 'Library/PackageCache/com.unity.scriptablebuildpipeline@ea93f1084040/Tests/Runtime/Unity.ScriptableBuildPipeline.Tests.asmdef' will not be compiled because it exists outside the Assets folder and does not to belong to any assembly definition file.
Script 'Library/PackageCache/com.unity.collections@84e8eb3fc12e/Unity.Collections.BurstCompatibilityGen/Unity.Collections.BurstCompatibilityGen.asmdef' will not be compiled because it exists outside the Assets folder and does not to belong to any assembly definition file.
[MODES] ModeService[none].Initialize
[MODES] ModeService[none].LoadModes
[MODES] Loading mode Default (0) for mode-current-id-GameDevelopmentKit
Unloading 25 Unused Serialized files (Serialized files now loaded: 0)
Unloading 7705 unused Assets / (2.5 MB). Loaded Objects now: 8641.
Memory consumption went from 210.4 MB to 207.9 MB.
Total: 28.919100 ms (FindLiveObjects: 0.620100 ms CreateObjectMapping: 0.434900 ms MarkObjects: 24.912400 ms  DeleteObjects: 2.949500 ms)

Microsoft Media Foundation video decoding to texture disabled: graphics device is Null, only Direct3D 11 and Direct3D 12 (only on desktop) are supported for hardware-accelerated video decoding.
[Project] Loading completed in 13.893 seconds
	Project init time: 				12.322 seconds
		Template init time: 		0.000 seconds
		Package Manager init time: 		1.137 seconds
		Asset Database init time: 		0.250 seconds
		Global illumination init time: 	0.002 seconds
		Assemblies load time: 			1.134 seconds
		Unity extensions init time: 	0.025 seconds
		Asset Database refresh time: 	8.816 seconds
	Scene opening time: 			1.312 seconds
##utp:{"type":"ProjectInfo","version":2,"phase":"Immediate","time":1786180254690,"processId":50604,"projectLoad":13.8933576,"projectInit":12.3216278,"templateInit":0.0,"packageManagerInit":1.1370803,"assetDatabaseInit":0.2495138,"globalIlluminationInit":0.0024441,"assembliesLoad":1.1343516,"unityExtensionsInit":0.0247633,"assetDatabaseRefresh":8.8156495,"sceneOpening":1.3119017}
##utp:{"type":"EditorInfo","version":2,"phase":"Immediate","time":1786180254690,"processId":50604,"editorVersion":"6000.3.21f1 (c02631ffc030)","branch":"6000.3/staging","buildType":"Release","platform":"Windows"}
[Licensing::Client] Successfully resolved entitlement details
Running tests for ExecutionSettings with details:
targetPlatform = 
playerHeartbeatTimeout = 600
filters[0] = 
   Filter with settings:
   testMode = EditMode
   targetPlatform = 
   testNames = null
   groupNames = Game.Hot.Buqi.Tests.BuqiPveDifficultySelectionTests, Game.Hot.Buqi.Tests.BuqiRunBattleIntegrationTests
   categoryNames = null
   assemblyNames = null
ignoreTests = {}
featureFlags = null

UnityEngine.Debug:ExtractStackTraceNoAlloc (byte*,int,string)
UnityEngine.StackTraceUtility:ExtractStackTrace ()
UnityEngine.DebugLogHandler:Internal_Log (UnityEngine.LogType,UnityEngine.LogOption,string,UnityEngine.Object)
UnityEngine.DebugLogHandler:LogFormat (UnityEngine.LogType,UnityEngine.Object,string,object[])
UnityEngine.Logger:Log (UnityEngine.LogType,object)
UnityEngine.Debug:Log (object)
UnityEditor.TestTools.TestRunner.CommandLineTest.Executer:InitializeAndExecuteRun (string[]) (at ./Library/PackageCache/com.unity.test-framework@bd7f943e9647/UnityEditor.TestRunner/CommandLineTest/Executer.cs:53)
UnityEditor.TestTools.TestRunner.CommandLineTest.TestStarter:InitializeAndExecuteRun () (at ./Library/PackageCache/com.unity.test-framework@bd7f943e9647/UnityEditor.TestRunner/CommandLineTest/TestStarter.cs:64)
UnityEditor.EditorApplication:Internal_CallUpdateFunctions ()

(Filename: ./Library/PackageCache/com.unity.test-framework@bd7f943e9647/UnityEditor.TestRunner/CommandLineTest/Executer.cs Line: 53)

Start Indexing on Editor startup
[Indexing] Starting Initial Indexing for Assets
[UnityConnectServicesConfig] config is NOT valid, switching to default
Created GICache directory at C:/Users/123/AppData/LocalLow/Unity/Caches/GiCache. Took: 0.019s, timestamps: [13.898 - 13.916]
Unloading 5 Unused Serialized files (Serialized files now loaded: 0)
Unloading 1 unused Assets / (44.4 KB). Loaded Objects now: 8669.
Memory consumption went from 199.9 MB to 199.8 MB.
Total: 23.317000 ms (FindLiveObjects: 0.406500 ms CreateObjectMapping: 0.154000 ms MarkObjects: 22.707300 ms  DeleteObjects: 0.047200 ms)

Executing IPrebuildSetup for: Unity.PerformanceTesting.Editor.TestRunBuilder.
UnityEngine.Debug:ExtractStackTraceNoAlloc (byte*,int,string)
UnityEngine.StackTraceUtility:ExtractStackTrace ()
UnityEngine.DebugLogHandler:Internal_Log (UnityEngine.LogType,UnityEngine.LogOption,string,UnityEngine.Object)
UnityEngine.DebugLogHandler:LogFormat (UnityEngine.LogType,UnityEngine.Object,string,object[])
UnityEngine.Logger:Log (UnityEngine.LogType,object)
UnityEngine.Debug:Log (object)
UnityEditor.TestTools.TestRunner.TestRun.Tasks.BuildActionTaskBase`1/<ExecuteMethods>d__8<UnityEngine.TestTools.IPrebuildSetup>:MoveNext () (at ./Library/PackageCache/com.unity.test-framework@bd7f943e9647/UnityEditor.TestRunner/TestRun/Tasks/BuildActionTaskBase.cs:48)
UnityEditor.TestTools.TestRunner.TestRun.Tasks.BuildActionTaskBase`1/<Execute>d__7<UnityEngine.TestTools.IPrebuildSetup>:MoveNext () (at ./Library/PackageCache/com.unity.test-framework@bd7f943e9647/UnityEditor.TestRunner/TestRun/Tasks/BuildActionTaskBase.cs:34)
UnityEditor.TestTools.TestRunner.TestRun.TestJobRunner:ExecuteStep () (at ./Library/PackageCache/com.unity.test-framework@bd7f943e9647/UnityEditor.TestRunner/TestRun/TestJobRunner.cs:173)
UnityEditor.TestTools.TestRunner.TestRun.TestJobRunner:ExecuteCallback () (at ./Library/PackageCache/com.unity.test-framework@bd7f943e9647/UnityEditor.TestRunner/TestRun/TestJobRunner.cs:108)
UnityEditor.EditorApplication:Internal_CallUpdateFunctions ()

(Filename: ./Library/PackageCache/com.unity.test-framework@bd7f943e9647/UnityEditor.TestRunner/TestRun/Tasks/BuildActionTaskBase.cs Line: 48)

Saving results to: C:/Users/123/AppData/LocalLow/GDK/GameDevelopmentKit\TestResults.xml
Saving results to: E:\Project\GameDevelopmentKit\qa\task-c-double-select-green.xml
Executing IPostBuildCleanup for: Unity.PerformanceTesting.Editor.TestRunBuilder.
UnityEngine.Debug:ExtractStackTraceNoAlloc (byte*,int,string)
UnityEngine.StackTraceUtility:ExtractStackTrace ()
UnityEngine.DebugLogHandler:Internal_Log (UnityEngine.LogType,UnityEngine.LogOption,string,UnityEngine.Object)
UnityEngine.DebugLogHandler:LogFormat (UnityEngine.LogType,UnityEngine.Object,string,object[])
UnityEngine.Logger:Log (UnityEngine.LogType,object)
UnityEngine.Debug:Log (object)
UnityEditor.TestTools.TestRunner.TestRun.Tasks.BuildActionTaskBase`1/<ExecuteMethods>d__8<UnityEngine.TestTools.IPostBuildCleanup>:MoveNext () (at ./Library/PackageCache/com.unity.test-framework@bd7f943e9647/UnityEditor.TestRunner/TestRun/Tasks/BuildActionTaskBase.cs:48)
UnityEditor.TestTools.TestRunner.TestRun.Tasks.BuildActionTaskBase`1/<Execute>d__7<UnityEngine.TestTools.IPostBuildCleanup>:MoveNext () (at ./Library/PackageCache/com.unity.test-framework@bd7f943e9647/UnityEditor.TestRunner/TestRun/Tasks/BuildActionTaskBase.cs:34)
UnityEditor.TestTools.TestRunner.TestRun.TestJobRunner:ExecuteStep () (at ./Library/PackageCache/com.unity.test-framework@bd7f943e9647/UnityEditor.TestRunner/TestRun/TestJobRunner.cs:173)
UnityEditor.TestTools.TestRunner.TestRun.TestJobRunner:ExecuteCallback () (at ./Library/PackageCache/com.unity.test-framework@bd7f943e9647/UnityEditor.TestRunner/TestRun/TestJobRunner.cs:108)
UnityEditor.EditorApplication:Internal_CallUpdateFunctions ()

(Filename: ./Library/PackageCache/com.unity.test-framework@bd7f943e9647/UnityEditor.TestRunner/TestRun/Tasks/BuildActionTaskBase.cs Line: 48)

Unloading 0 Unused Serialized files (Serialized files now loaded: 0)
Unloading 0 unused Assets / (0 B). Loaded Objects now: 8670.
Memory consumption went from 197.9 MB to 197.9 MB.
Total: 23.632200 ms (FindLiveObjects: 0.287400 ms CreateObjectMapping: 0.140300 ms MarkObjects: 23.143300 ms  DeleteObjects: 0.059300 ms)

DisplayProgressbar: Undo
Test run completed. Exiting with code 0 (Ok). Run completed.
UnityEngine.Debug:ExtractStackTraceNoAlloc (byte*,int,string)
UnityEngine.StackTraceUtility:ExtractStackTrace ()
UnityEngine.DebugLogHandler:Internal_Log (UnityEngine.LogType,UnityEngine.LogOption,string,UnityEngine.Object)
UnityEngine.DebugLogHandler:LogFormat (UnityEngine.LogType,UnityEngine.Object,string,object[])
UnityEngine.Logger:Log (UnityEngine.LogType,object)
UnityEngine.Debug:Log (object)
UnityEditor.TestTools.TestRunner.CommandLineTest.Executer:ExitApplication (UnityEditor.TestTools.TestRunner.CommandLineTest.Executer/ReturnCodes,string) (at ./Library/PackageCache/com.unity.test-framework@bd7f943e9647/UnityEditor.TestRunner/CommandLineTest/Executer.cs:81)
UnityEditor.TestTools.TestRunner.CommandLineTest.Executer:ExitIfRunIsCompleted () (at ./Library/PackageCache/com.unity.test-framework@bd7f943e9647/UnityEditor.TestRunner/CommandLineTest/Executer.cs:74)
UnityEditor.EditorApplication:Internal_CallUpdateFunctions ()

(Filename: ./Library/PackageCache/com.unity.test-framework@bd7f943e9647/UnityEditor.TestRunner/CommandLineTest/Executer.cs Line: 81)

Request timed out while processing request "https://public-cdn.cloud.unity3d.com/config/production", HTTP error code 0
.[UnityConnect] Request timed out.
Request timed out while processing request "https://public-cdn.cloud.unity3d.com/config/production", HTTP error code 0
.[UnityConnect] Request timed out.
Killing ADB server in 2.0757568 seconds.
[Physics::Module] Cleanup current backend.
[Physics::Module] Id: 0xf2b8ea05
Input System module state changed to: ShutdownInProgress.
Input System polling thread exited.
Input System module state changed to: Shutdown.
[Licensing::IpcConnector] LicenseClient-123-6000.3.21-notifications channel disconnected successfully.
[Licensing::IpcConnector] LicenseClient-123-6000.3.21 channel disconnected successfully.
AcceleratorClientConnectionCallback - disconnected - :0
Cleanup mono
17:11:01.089 |V| RiderPlugin                    | :1                             | AppDomain.CurrentDomain.DomainUnload lifetimeDefinition.Terminate
Checking for leaked weakptr:
  Found no leaked weakptrs.
[Package Manager] Server process was shutdown
##utp:{"type":"MemoryLeaks","version":2,"phase":"Immediate","time":1786180261562,"processId":50604,"allocatedMemory":18656118,"memoryLabels":[{"Default":14409},{"Permanent":15236},{"NewDelete":68209},{"Thread":4230344},{"Manager":35453},{"VertexData":8},{"Geometry":816},{"Texture":296},{"Shader":79381},{"Material":24},{"GfxDevice":55872},{"Animation":392},{"Audio":3040},{"FreeType":8},{"FontEngine":736},{"Physics":2146},{"Physics2D":16},{"Serialization":528},{"Input":14984},{"JobScheduler":33024},{"TextLib":280},{"Mono":32},{"MonoCode":64},{"ScriptingNativeRuntime":155060},{"BaseObject":1620336},{"Resource":1336},{"Renderer":3000},{"Transform":4685},{"File":1016},{"WebCam":616},{"Culling":32},{"Terrain":11394},{"Wind":24},{"STL":40},{"String":9573},{"DynamicArray":133855},{"HashMap":3859321},{"Utility":2661366},{"Curl":1712},{"PoolAlloc":2152},{"AI":80},{"TypeTree":16093},{"ScriptManager":512},{"RuntimeInitializeOnLoadManager":64},{"SpriteAtlas":112},{"GI":7792},{"Director":8240},{"CloudService":288},{"WebRequest":552},{"VR":47994},{"SceneManager":504},{"Video":64},{"LazyScriptCache":32},{"Camera":17},{"Secure":2377},{"SerializationCache":1576},{"APIUpdating":10320},{"Subsystems":336},{"VirtualTexturing":57888},{"StaticSafetyDebugInfo":278528},{"Analytics":336},{"Hierarchy":608},{"CoreStats":13112},{"Identifiers":6480},{"Gui":96},{"EditorUtility":141167},{"VersionControl":4},{"Undo":947},{"AssetDatabase":4993772},{"EditorGi":328},{"UnityConnect":29232},{"Upm":1896},{"AssetCompliance":64},{"DrivenProperties":72},{"LocalIPC":209},{"ProfilerEditor":9746},{"CoreBusinessMetrics":3240},{"Licensing":664},{"AssetReference":32},{"IPCStream":32}]}
